INFO:     Will watch for changes in these directories: ['C:\\Users\\LENOVO\\Desktop\\mpg_prg\\auto-mpg-ai']
INFO:     Uvicorn running on http://127.0.0.1:8000 (Press CTRL+C to quit)
INFO:     Started reloader process [11352] using WatchFiles
Process SpawnProcess-1:
Traceback (most recent call last):
  File "C:\Users\LENOVO\AppData\Local\Programs\Python\Python311\Lib\multiprocessing\process.py", line 314, in _bootstrap
    self.run()
  File "C:\Users\LENOVO\AppData\Local\Programs\Python\Python311\Lib\multiprocessing\process.py", line 108, in run
    self._target(*self._args, **self._kwargs)
  File "C:\Users\LENOVO\AppData\Local\Programs\Python\Python311\Lib\site-packages\uvicorn\_subprocess.py", line 80, in subprocess_started
    target(sockets=sockets)
  File "C:\Users\LENOVO\AppData\Local\Programs\Python\Python311\Lib\site-packages\uvicorn\server.py", line 65, in run
    return asyncio.run(self.serve(sockets=sockets))
           ^^^^^^^^^^^^^^^^^^^^^^^^^^^^^^^^^^^^^^^^
  File "C:\Users\LENOVO\AppData\Local\Programs\Python\Python311\Lib\asyncio\runners.py", line 190, in run
    return runner.run(main)
           ^^^^^^^^^^^^^^^^
  File "C:\Users\LENOVO\AppData\Local\Programs\Python\Python311\Lib\asyncio\runners.py", line 118, in run
    return self._loop.run_until_complete(task)
           ^^^^^^^^^^^^^^^^^^^^^^^^^^^^^^^^^^^
  File "C:\Users\LENOVO\AppData\Local\Programs\Python\Python311\Lib\asyncio\base_events.py", line 653, in run_until_complete
    return future.result()
           ^^^^^^^^^^^^^^^
  File "C:\Users\LENOVO\AppData\Local\Programs\Python\Python311\Lib\site-packages\uvicorn\server.py", line 69, in serve
    await self._serve(sockets)
  File "C:\Users\LENOVO\AppData\Local\Programs\Python\Python311\Lib\site-packages\uvicorn\server.py", line 76, in _serve
    config.load()
  File "C:\Users\LENOVO\AppData\Local\Programs\Python\Python311\Lib\site-packages\uvicorn\config.py", line 434, in load
    self.loaded_app = import_from_string(self.app)
                      ^^^^^^^^^^^^^^^^^^^^^^^^^^^^
  File "C:\Users\LENOVO\AppData\Local\Programs\Python\Python311\Lib\site-packages\uvicorn\importer.py", line 19, in import_from_string
    module = importlib.import_module(module_str)
             ^^^^^^^^^^^^^^^^^^^^^^^^^^^^^^^^^^^
  File "C:\Users\LENOVO\AppData\Local\Programs\Python\Python311\Lib\importlib\__init__.py", line 126, in import_module
    return _bootstrap._gcd_import(name[level:], package, level)
           ^^^^^^^^^^^^^^^^^^^^^^^^^^^^^^^^^^^^^^^^^^^^^^^^^^^^
  File "<frozen importlib._bootstrap>", line 1206, in _gcd_import
  File "<frozen importlib._bootstrap>", line 1178, in _find_and_load
  File "<frozen importlib._bootstrap>", line 1149, in _find_and_load_unlocked
  File "<frozen importlib._bootstrap>", line 690, in _load_unlocked
  File "<frozen importlib._bootstrap_external>", line 940, in exec_module
  File "<frozen importlib._bootstrap>", line 241, in _call_with_frames_removed
  File "c:\Users\LENOVO\Desktop\mpg_prg\auto-mpg-ai\apps\backend\app\main.py", line 5, in <module>
    from fastapi import FastAPI, Request
  File "C:\Users\LENOVO\AppData\Local\Programs\Python\Python311\Lib\site-packages\fastapi\__init__.py", line 7, in <module>
    from .applications import FastAPI as FastAPI
  File "C:\Users\LENOVO\AppData\Local\Programs\Python\Python311\Lib\site-packages\fastapi\applications.py", line 6, in <module>
    from fastapi import routing
  File "C:\Users\LENOVO\AppData\Local\Programs\Python\Python311\Lib\site-packages\fastapi\routing.py", line 35, in <module>
    from fastapi import params
  File "C:\Users\LENOVO\AppData\Local\Programs\Python\Python311\Lib\site-packages\fastapi\params.py", line 7, in <module>
    from fastapi.exceptions import FastAPIDeprecationWarning
  File "C:\Users\LENOVO\AppData\Local\Programs\Python\Python311\Lib\site-packages\fastapi\exceptions.py", line 5, in <module>
    from pydantic import BaseModel, create_model
  File "C:\Users\LENOVO\AppData\Local\Programs\Python\Python311\Lib\site-packages\pydantic\__init__.py", line 411, in __getattr__
    module = import_module(module_name, package=package)
             ^^^^^^^^^^^^^^^^^^^^^^^^^^^^^^^^^^^^^^^^^^^
  File "C:\Users\LENOVO\AppData\Local\Programs\Python\Python311\Lib\importlib\__init__.py", line 126, in import_module
    return _bootstrap._gcd_import(name[level:], package, level)
           ^^^^^^^^^^^^^^^^^^^^^^^^^^^^^^^^^^^^^^^^^^^^^^^^^^^^
  File "C:\Users\LENOVO\AppData\Local\Programs\Python\Python311\Lib\site-packages\pydantic\main.py", line 33, in <module>
    from ._internal import (
  File "C:\Users\LENOVO\AppData\Local\Programs\Python\Python311\Lib\site-packages\pydantic\_internal\_decorators.py", line 16, in <module>
    from ._core_utils import get_type_ref
  File "C:\Users\LENOVO\AppData\Local\Programs\Python\Python311\Lib\site-packages\pydantic\_internal\_core_utils.py", line 14, in <module>
    from pydantic_core import validate_core_schema as _validate_core_schema
ImportError: cannot import name 'validate_core_schema' from 'pydantic_core' (C:\Users\LENOVO\AppData\Local\Programs\Python\Python311\Lib\site-packages\pydantic_core\__init__.py)
WARNING:  WatchFiles detected changes in '_debug_predict.py'. Reloading...
Process SpawnProcess-2:
Traceback (most recent call last):
  File "C:\Users\LENOVO\AppData\Local\Programs\Python\Python311\Lib\multiprocessing\process.py", line 314, in _bootstrap
    self.run()
  File "C:\Users\LENOVO\AppData\Local\Programs\Python\Python311\Lib\multiprocessing\process.py", line 108, in run
    self._target(*self._args, **self._kwargs)
  File "C:\Users\LENOVO\AppData\Local\Programs\Python\Python311\Lib\site-packages\uvicorn\_subprocess.py", line 80, in subprocess_started
    target(sockets=sockets)
  File "C:\Users\LENOVO\AppData\Local\Programs\Python\Python311\Lib\site-packages\uvicorn\server.py", line 65, in run
    return asyncio.run(self.serve(sockets=sockets))
           ^^^^^^^^^^^^^^^^^^^^^^^^^^^^^^^^^^^^^^^^
  File "C:\Users\LENOVO\AppData\Local\Programs\Python\Python311\Lib\asyncio\runners.py", line 190, in run
    return runner.run(main)
           ^^^^^^^^^^^^^^^^
  File "C:\Users\LENOVO\AppData\Local\Programs\Python\Python311\Lib\asyncio\runners.py", line 118, in run
    return self._loop.run_until_complete(task)
           ^^^^^^^^^^^^^^^^^^^^^^^^^^^^^^^^^^^
  File "C:\Users\LENOVO\AppData\Local\Programs\Python\Python311\Lib\asyncio\base_events.py", line 653, in run_until_complete
    return future.result()
           ^^^^^^^^^^^^^^^
  File "C:\Users\LENOVO\AppData\Local\Programs\Python\Python311\Lib\site-packages\uvicorn\server.py", line 69, in serve
    await self._serve(sockets)
  File "C:\Users\LENOVO\AppData\Local\Programs\Python\Python311\Lib\site-packages\uvicorn\server.py", line 76, in _serve
    config.load()
  File "C:\Users\LENOVO\AppData\Local\Programs\Python\Python311\Lib\site-packages\uvicorn\config.py", line 434, in load
    self.loaded_app = import_from_string(self.app)
                      ^^^^^^^^^^^^^^^^^^^^^^^^^^^^
  File "C:\Users\LENOVO\AppData\Local\Programs\Python\Python311\Lib\site-packages\uvicorn\importer.py", line 19, in import_from_string
    module = importlib.import_module(module_str)
             ^^^^^^^^^^^^^^^^^^^^^^^^^^^^^^^^^^^
  File "C:\Users\LENOVO\AppData\Local\Programs\Python\Python311\Lib\importlib\__init__.py", line 126, in import_module
    return _bootstrap._gcd_import(name[level:], package, level)
           ^^^^^^^^^^^^^^^^^^^^^^^^^^^^^^^^^^^^^^^^^^^^^^^^^^^^
  File "<frozen importlib._bootstrap>", line 1206, in _gcd_import
  File "<frozen importlib._bootstrap>", line 1178, in _find_and_load
  File "<frozen importlib._bootstrap>", line 1149, in _find_and_load_unlocked
  File "<frozen importlib._bootstrap>", line 690, in _load_unlocked
  File "<frozen importlib._bootstrap_external>", line 940, in exec_module
  File "<frozen importlib._bootstrap>", line 241, in _call_with_frames_removed
  File "c:\Users\LENOVO\Desktop\mpg_prg\auto-mpg-ai\apps\backend\app\main.py", line 5, in <module>
    from fastapi import FastAPI, Request
  File "C:\Users\LENOVO\AppData\Local\Programs\Python\Python311\Lib\site-packages\fastapi\__init__.py", line 7, in <module>
    from .applications import FastAPI as FastAPI
  File "C:\Users\LENOVO\AppData\Local\Programs\Python\Python311\Lib\site-packages\fastapi\applications.py", line 6, in <module>
    from fastapi import routing
  File "C:\Users\LENOVO\AppData\Local\Programs\Python\Python311\Lib\site-packages\fastapi\routing.py", line 35, in <module>
    from fastapi import params
  File "C:\Users\LENOVO\AppData\Local\Programs\Python\Python311\Lib\site-packages\fastapi\params.py", line 7, in <module>
    from fastapi.exceptions import FastAPIDeprecationWarning
  File "C:\Users\LENOVO\AppData\Local\Programs\Python\Python311\Lib\site-packages\fastapi\exceptions.py", line 5, in <module>
    from pydantic import BaseModel, create_model
  File "C:\Users\LENOVO\AppData\Local\Programs\Python\Python311\Lib\site-packages\pydantic\__init__.py", line 411, in __getattr__
    module = import_module(module_name, package=package)
             ^^^^^^^^^^^^^^^^^^^^^^^^^^^^^^^^^^^^^^^^^^^
  File "C:\Users\LENOVO\AppData\Local\Programs\Python\Python311\Lib\importlib\__init__.py", line 126, in import_module
    return _bootstrap._gcd_import(name[level:], package, level)
           ^^^^^^^^^^^^^^^^^^^^^^^^^^^^^^^^^^^^^^^^^^^^^^^^^^^^
  File "C:\Users\LENOVO\AppData\Local\Programs\Python\Python311\Lib\site-packages\pydantic\main.py", line 33, in <module>
    from ._internal import (
  File "C:\Users\LENOVO\AppData\Local\Programs\Python\Python311\Lib\site-packages\pydantic\_internal\_decorators.py", line 16, in <module>
    from ._core_utils import get_type_ref
  File "C:\Users\LENOVO\AppData\Local\Programs\Python\Python311\Lib\site-packages\pydantic\_internal\_core_utils.py", line 14, in <module>
    from pydantic_core import validate_core_schema as _validate_core_schema
ImportError: cannot import name 'validate_core_schema' from 'pydantic_core' (C:\Users\LENOVO\AppData\Local\Programs\Python\Python311\Lib\site-packages\pydantic_core\__init__.py)
WARNING:  WatchFiles detected changes in '_debug_predict.py'. Reloading...
Process SpawnProcess-3:
Traceback (most recent call last):
  File "C:\Users\LENOVO\AppData\Local\Programs\Python\Python311\Lib\multiprocessing\process.py", line 314, in _bootstrap
    self.run()
  File "C:\Users\LENOVO\AppData\Local\Programs\Python\Python311\Lib\multiprocessing\process.py", line 108, in run
    self._target(*self._args, **self._kwargs)
  File "C:\Users\LENOVO\AppData\Local\Programs\Python\Python311\Lib\site-packages\uvicorn\_subprocess.py", line 80, in subprocess_started
    target(sockets=sockets)
  File "C:\Users\LENOVO\AppData\Local\Programs\Python\Python311\Lib\site-packages\uvicorn\server.py", line 65, in run
    return asyncio.run(self.serve(sockets=sockets))
           ^^^^^^^^^^^^^^^^^^^^^^^^^^^^^^^^^^^^^^^^
  File "C:\Users\LENOVO\AppData\Local\Programs\Python\Python311\Lib\asyncio\runners.py", line 190, in run
    return runner.run(main)
           ^^^^^^^^^^^^^^^^
  File "C:\Users\LENOVO\AppData\Local\Programs\Python\Python311\Lib\asyncio\runners.py", line 118, in run
    return self._loop.run_until_complete(task)
           ^^^^^^^^^^^^^^^^^^^^^^^^^^^^^^^^^^^
  File "C:\Users\LENOVO\AppData\Local\Programs\Python\Python311\Lib\asyncio\base_events.py", line 653, in run_until_complete
    return future.result()
           ^^^^^^^^^^^^^^^
  File "C:\Users\LENOVO\AppData\Local\Programs\Python\Python311\Lib\site-packages\uvicorn\server.py", line 69, in serve
    await self._serve(sockets)
  File "C:\Users\LENOVO\AppData\Local\Programs\Python\Python311\Lib\site-packages\uvicorn\server.py", line 76, in _serve
    config.load()
  File "C:\Users\LENOVO\AppData\Local\Programs\Python\Python311\Lib\site-packages\uvicorn\config.py", line 434, in load
    self.loaded_app = import_from_string(self.app)
                      ^^^^^^^^^^^^^^^^^^^^^^^^^^^^
  File "C:\Users\LENOVO\AppData\Local\Programs\Python\Python311\Lib\site-packages\uvicorn\importer.py", line 19, in import_from_string
    module = importlib.import_module(module_str)
             ^^^^^^^^^^^^^^^^^^^^^^^^^^^^^^^^^^^
  File "C:\Users\LENOVO\AppData\Local\Programs\Python\Python311\Lib\importlib\__init__.py", line 126, in import_module
    return _bootstrap._gcd_import(name[level:], package, level)
           ^^^^^^^^^^^^^^^^^^^^^^^^^^^^^^^^^^^^^^^^^^^^^^^^^^^^
  File "<frozen importlib._bootstrap>", line 1206, in _gcd_import
  File "<frozen importlib._bootstrap>", line 1178, in _find_and_load
  File "<frozen importlib._bootstrap>", line 1149, in _find_and_load_unlocked
  File "<frozen importlib._bootstrap>", line 690, in _load_unlocked
  File "<frozen importlib._bootstrap_external>", line 940, in exec_module
  File "<frozen importlib._bootstrap>", line 241, in _call_with_frames_removed
  File "c:\Users\LENOVO\Desktop\mpg_prg\auto-mpg-ai\apps\backend\app\main.py", line 5, in <module>
    from fastapi import FastAPI, Request
  File "C:\Users\LENOVO\AppData\Local\Programs\Python\Python311\Lib\site-packages\fastapi\__init__.py", line 7, in <module>
    from .applications import FastAPI as FastAPI
  File "C:\Users\LENOVO\AppData\Local\Programs\Python\Python311\Lib\site-packages\fastapi\applications.py", line 6, in <module>
    from fastapi import routing
  File "C:\Users\LENOVO\AppData\Local\Programs\Python\Python311\Lib\site-packages\fastapi\routing.py", line 35, in <module>
    from fastapi import params
  File "C:\Users\LENOVO\AppData\Local\Programs\Python\Python311\Lib\site-packages\fastapi\params.py", line 7, in <module>
    from fastapi.exceptions import FastAPIDeprecationWarning
  File "C:\Users\LENOVO\AppData\Local\Programs\Python\Python311\Lib\site-packages\fastapi\exceptions.py", line 5, in <module>
    from pydantic import BaseModel, create_model
  File "C:\Users\LENOVO\AppData\Local\Programs\Python\Python311\Lib\site-packages\pydantic\__init__.py", line 411, in __getattr__
    module = import_module(module_name, package=package)
             ^^^^^^^^^^^^^^^^^^^^^^^^^^^^^^^^^^^^^^^^^^^
  File "C:\Users\LENOVO\AppData\Local\Programs\Python\Python311\Lib\importlib\__init__.py", line 126, in import_module
    return _bootstrap._gcd_import(name[level:], package, level)
           ^^^^^^^^^^^^^^^^^^^^^^^^^^^^^^^^^^^^^^^^^^^^^^^^^^^^
  File "C:\Users\LENOVO\AppData\Local\Programs\Python\Python311\Lib\site-packages\pydantic\main.py", line 33, in <module>
    from ._internal import (
  File "C:\Users\LENOVO\AppData\Local\Programs\Python\Python311\Lib\site-packages\pydantic\_internal\_decorators.py", line 16, in <module>
    from ._core_utils import get_type_ref
  File "C:\Users\LENOVO\AppData\Local\Programs\Python\Python311\Lib\site-packages\pydantic\_internal\_core_utils.py", line 14, in <module>
    from pydantic_core import validate_core_schema as _validate_core_schema
ImportError: cannot import name 'validate_core_schema' from 'pydantic_core' (C:\Users\LENOVO\AppData\Local\Programs\Python\Python311\Lib\site-packages\pydantic_core\__init__.py)
WARNING:  WatchFiles detected changes in '_debug_predict.py'. Reloading...
Process SpawnProcess-4:
Traceback (most recent call last):
  File "C:\Users\LENOVO\AppData\Local\Programs\Python\Python311\Lib\multiprocessing\process.py", line 314, in _bootstrap
    self.run()
  File "C:\Users\LENOVO\AppData\Local\Programs\Python\Python311\Lib\multiprocessing\process.py", line 108, in run
    self._target(*self._args, **self._kwargs)
  File "C:\Users\LENOVO\AppData\Local\Programs\Python\Python311\Lib\site-packages\uvicorn\_subprocess.py", line 80, in subprocess_started
    target(sockets=sockets)
  File "C:\Users\LENOVO\AppData\Local\Programs\Python\Python311\Lib\site-packages\uvicorn\server.py", line 65, in run
    return asyncio.run(self.serve(sockets=sockets))
           ^^^^^^^^^^^^^^^^^^^^^^^^^^^^^^^^^^^^^^^^
  File "C:\Users\LENOVO\AppData\Local\Programs\Python\Python311\Lib\asyncio\runners.py", line 190, in run
    return runner.run(main)
           ^^^^^^^^^^^^^^^^
  File "C:\Users\LENOVO\AppData\Local\Programs\Python\Python311\Lib\asyncio\runners.py", line 118, in run
    return self._loop.run_until_complete(task)
           ^^^^^^^^^^^^^^^^^^^^^^^^^^^^^^^^^^^
  File "C:\Users\LENOVO\AppData\Local\Programs\Python\Python311\Lib\asyncio\base_events.py", line 653, in run_until_complete
    return future.result()
           ^^^^^^^^^^^^^^^
  File "C:\Users\LENOVO\AppData\Local\Programs\Python\Python311\Lib\site-packages\uvicorn\server.py", line 69, in serve
    await self._serve(sockets)
  File "C:\Users\LENOVO\AppData\Local\Programs\Python\Python311\Lib\site-packages\uvicorn\server.py", line 76, in _serve
    config.load()
  File "C:\Users\LENOVO\AppData\Local\Programs\Python\Python311\Lib\site-packages\uvicorn\config.py", line 434, in load
    self.loaded_app = import_from_string(self.app)
                      ^^^^^^^^^^^^^^^^^^^^^^^^^^^^
  File "C:\Users\LENOVO\AppData\Local\Programs\Python\Python311\Lib\site-packages\uvicorn\importer.py", line 19, in import_from_string
    module = importlib.import_module(module_str)
             ^^^^^^^^^^^^^^^^^^^^^^^^^^^^^^^^^^^
  File "C:\Users\LENOVO\AppData\Local\Programs\Python\Python311\Lib\importlib\__init__.py", line 126, in import_module
    return _bootstrap._gcd_import(name[level:], package, level)
           ^^^^^^^^^^^^^^^^^^^^^^^^^^^^^^^^^^^^^^^^^^^^^^^^^^^^
  File "<frozen importlib._bootstrap>", line 1206, in _gcd_import
  File "<frozen importlib._bootstrap>", line 1178, in _find_and_load
  File "<frozen importlib._bootstrap>", line 1149, in _find_and_load_unlocked
  File "<frozen importlib._bootstrap>", line 690, in _load_unlocked
  File "<frozen importlib._bootstrap_external>", line 940, in exec_module
  File "<frozen importlib._bootstrap>", line 241, in _call_with_frames_removed
  File "c:\Users\LENOVO\Desktop\mpg_prg\auto-mpg-ai\apps\backend\app\main.py", line 5, in <module>
    from fastapi import FastAPI, Request
  File "C:\Users\LENOVO\AppData\Local\Programs\Python\Python311\Lib\site-packages\fastapi\__init__.py", line 7, in <module>
    from .applications import FastAPI as FastAPI
  File "C:\Users\LENOVO\AppData\Local\Programs\Python\Python311\Lib\site-packages\fastapi\applications.py", line 6, in <module>
    from fastapi import routing
  File "C:\Users\LENOVO\AppData\Local\Programs\Python\Python311\Lib\site-packages\fastapi\routing.py", line 35, in <module>
    from fastapi import params
  File "C:\Users\LENOVO\AppData\Local\Programs\Python\Python311\Lib\site-packages\fastapi\params.py", line 7, in <module>
    from fastapi.exceptions import FastAPIDeprecationWarning
  File "C:\Users\LENOVO\AppData\Local\Programs\Python\Python311\Lib\site-packages\fastapi\exceptions.py", line 5, in <module>
    from pydantic import BaseModel, create_model
  File "C:\Users\LENOVO\AppData\Local\Programs\Python\Python311\Lib\site-packages\pydantic\__init__.py", line 411, in __getattr__
    module = import_module(module_name, package=package)
             ^^^^^^^^^^^^^^^^^^^^^^^^^^^^^^^^^^^^^^^^^^^
  File "C:\Users\LENOVO\AppData\Local\Programs\Python\Python311\Lib\importlib\__init__.py", line 126, in import_module
    return _bootstrap._gcd_import(name[level:], package, level)
           ^^^^^^^^^^^^^^^^^^^^^^^^^^^^^^^^^^^^^^^^^^^^^^^^^^^^
  File "C:\Users\LENOVO\AppData\Local\Programs\Python\Python311\Lib\site-packages\pydantic\main.py", line 33, in <module>
    from ._internal import (
  File "C:\Users\LENOVO\AppData\Local\Programs\Python\Python311\Lib\site-packages\pydantic\_internal\_decorators.py", line 16, in <module>
    from ._core_utils import get_type_ref
  File "C:\Users\LENOVO\AppData\Local\Programs\Python\Python311\Lib\site-packages\pydantic\_internal\_core_utils.py", line 14, in <module>
    from pydantic_core import validate_core_schema as _validate_core_schema
ImportError: cannot import name 'validate_core_schema' from 'pydantic_core' (C:\Users\LENOVO\AppData\Local\Programs\Python\Python311\Lib\site-packages\pydantic_core\__init__.py)
WARNING:  WatchFiles detected changes in '_debug_predict.py'. Reloading...
Process SpawnProcess-5:
Traceback (most recent call last):
  File "C:\Users\LENOVO\AppData\Local\Programs\Python\Python311\Lib\multiprocessing\process.py", line 314, in _bootstrap
    self.run()
  File "C:\Users\LENOVO\AppData\Local\Programs\Python\Python311\Lib\multiprocessing\process.py", line 108, in run
    self._target(*self._args, **self._kwargs)
  File "C:\Users\LENOVO\AppData\Local\Programs\Python\Python311\Lib\site-packages\uvicorn\_subprocess.py", line 80, in subprocess_started
    target(sockets=sockets)
  File "C:\Users\LENOVO\AppData\Local\Programs\Python\Python311\Lib\site-packages\uvicorn\server.py", line 65, in run
    return asyncio.run(self.serve(sockets=sockets))
           ^^^^^^^^^^^^^^^^^^^^^^^^^^^^^^^^^^^^^^^^
  File "C:\Users\LENOVO\AppData\Local\Programs\Python\Python311\Lib\asyncio\runners.py", line 190, in run
    return runner.run(main)
           ^^^^^^^^^^^^^^^^
  File "C:\Users\LENOVO\AppData\Local\Programs\Python\Python311\Lib\asyncio\runners.py", line 118, in run
    return self._loop.run_until_complete(task)
           ^^^^^^^^^^^^^^^^^^^^^^^^^^^^^^^^^^^
  File "C:\Users\LENOVO\AppData\Local\Programs\Python\Python311\Lib\asyncio\base_events.py", line 653, in run_until_complete
    return future.result()
           ^^^^^^^^^^^^^^^
  File "C:\Users\LENOVO\AppData\Local\Programs\Python\Python311\Lib\site-packages\uvicorn\server.py", line 69, in serve
    await self._serve(sockets)
  File "C:\Users\LENOVO\AppData\Local\Programs\Python\Python311\Lib\site-packages\uvicorn\server.py", line 76, in _serve
    config.load()
  File "C:\Users\LENOVO\AppData\Local\Programs\Python\Python311\Lib\site-packages\uvicorn\config.py", line 434, in load
    self.loaded_app = import_from_string(self.app)
                      ^^^^^^^^^^^^^^^^^^^^^^^^^^^^
  File "C:\Users\LENOVO\AppData\Local\Programs\Python\Python311\Lib\site-packages\uvicorn\importer.py", line 19, in import_from_string
    module = importlib.import_module(module_str)
             ^^^^^^^^^^^^^^^^^^^^^^^^^^^^^^^^^^^
  File "C:\Users\LENOVO\AppData\Local\Programs\Python\Python311\Lib\importlib\__init__.py", line 126, in import_module
    return _bootstrap._gcd_import(name[level:], package, level)
           ^^^^^^^^^^^^^^^^^^^^^^^^^^^^^^^^^^^^^^^^^^^^^^^^^^^^
  File "<frozen importlib._bootstrap>", line 1206, in _gcd_import
  File "<frozen importlib._bootstrap>", line 1178, in _find_and_load
  File "<frozen importlib._bootstrap>", line 1149, in _find_and_load_unlocked
  File "<frozen importlib._bootstrap>", line 690, in _load_unlocked
  File "<frozen importlib._bootstrap_external>", line 940, in exec_module
  File "<frozen importlib._bootstrap>", line 241, in _call_with_frames_removed
  File "c:\Users\LENOVO\Desktop\mpg_prg\auto-mpg-ai\apps\backend\app\main.py", line 5, in <module>
    from fastapi import FastAPI, Request
  File "C:\Users\LENOVO\AppData\Local\Programs\Python\Python311\Lib\site-packages\fastapi\__init__.py", line 7, in <module>
    from .applications import FastAPI as FastAPI
  File "C:\Users\LENOVO\AppData\Local\Programs\Python\Python311\Lib\site-packages\fastapi\applications.py", line 6, in <module>
    from fastapi import routing
  File "C:\Users\LENOVO\AppData\Local\Programs\Python\Python311\Lib\site-packages\fastapi\routing.py", line 35, in <module>
    from fastapi import params
  File "C:\Users\LENOVO\AppData\Local\Programs\Python\Python311\Lib\site-packages\fastapi\params.py", line 7, in <module>
    from fastapi.exceptions import FastAPIDeprecationWarning
  File "C:\Users\LENOVO\AppData\Local\Programs\Python\Python311\Lib\site-packages\fastapi\exceptions.py", line 5, in <module>
    from pydantic import BaseModel, create_model
  File "C:\Users\LENOVO\AppData\Local\Programs\Python\Python311\Lib\site-packages\pydantic\__init__.py", line 411, in __getattr__
    module = import_module(module_name, package=package)
             ^^^^^^^^^^^^^^^^^^^^^^^^^^^^^^^^^^^^^^^^^^^
  File "C:\Users\LENOVO\AppData\Local\Programs\Python\Python311\Lib\importlib\__init__.py", line 126, in import_module
    return _bootstrap._gcd_import(name[level:], package, level)
           ^^^^^^^^^^^^^^^^^^^^^^^^^^^^^^^^^^^^^^^^^^^^^^^^^^^^
  File "C:\Users\LENOVO\AppData\Local\Programs\Python\Python311\Lib\site-packages\pydantic\main.py", line 33, in <module>
    from ._internal import (
  File "C:\Users\LENOVO\AppData\Local\Programs\Python\Python311\Lib\site-packages\pydantic\_internal\_decorators.py", line 16, in <module>
    from ._core_utils import get_type_ref
  File "C:\Users\LENOVO\AppData\Local\Programs\Python\Python311\Lib\site-packages\pydantic\_internal\_core_utils.py", line 14, in <module>
    from pydantic_core import validate_core_schema as _validate_core_schema
ImportError: cannot import name 'validate_core_schema' from 'pydantic_core' (C:\Users\LENOVO\AppData\Local\Programs\Python\Python311\Lib\site-packages\pydantic_core\__init__.py)
WARNING:  WatchFiles detected changes in 'apps\backend\app\services\model_service.py'. Reloading...
WARNING:  WatchFiles detected changes in 'apps\backend\app\services\model_service.py'. Reloading...
Process SpawnProcess-6:
Traceback (most recent call last):
  File "C:\Users\LENOVO\AppData\Local\Programs\Python\Python311\Lib\multiprocessing\process.py", line 314, in _bootstrap
    self.run()
  File "C:\Users\LENOVO\AppData\Local\Programs\Python\Python311\Lib\multiprocessing\process.py", line 108, in run
    self._target(*self._args, **self._kwargs)
  File "C:\Users\LENOVO\AppData\Local\Programs\Python\Python311\Lib\site-packages\uvicorn\_subprocess.py", line 73, in subprocess_started
    sys.stdin = os.fdopen(stdin_fileno)  # pragma: full coverage
                ^^^^^^^^^^^^^^^^^^^^^^^
  File "<frozen os>", line 1031, in fdopen
  File "<frozen codecs>", line 309, in __init__
KeyboardInterrupt
Process SpawnProcess-7:
Traceback (most recent call last):
  File "C:\Users\LENOVO\AppData\Local\Programs\Python\Python311\Lib\multiprocessing\process.py", line 314, in _bootstrap
    self.run()
  File "C:\Users\LENOVO\AppData\Local\Programs\Python\Python311\Lib\multiprocessing\process.py", line 108, in run
    self._target(*self._args, **self._kwargs)
  File "C:\Users\LENOVO\AppData\Local\Programs\Python\Python311\Lib\site-packages\uvicorn\_subprocess.py", line 80, in subprocess_started
    target(sockets=sockets)
  File "C:\Users\LENOVO\AppData\Local\Programs\Python\Python311\Lib\site-packages\uvicorn\server.py", line 65, in run
    return asyncio.run(self.serve(sockets=sockets))
           ^^^^^^^^^^^^^^^^^^^^^^^^^^^^^^^^^^^^^^^^
  File "C:\Users\LENOVO\AppData\Local\Programs\Python\Python311\Lib\asyncio\runners.py", line 190, in run
    return runner.run(main)
           ^^^^^^^^^^^^^^^^
  File "C:\Users\LENOVO\AppData\Local\Programs\Python\Python311\Lib\asyncio\runners.py", line 118, in run
    return self._loop.run_until_complete(task)
           ^^^^^^^^^^^^^^^^^^^^^^^^^^^^^^^^^^^
  File "C:\Users\LENOVO\AppData\Local\Programs\Python\Python311\Lib\asyncio\base_events.py", line 653, in run_until_complete
    return future.result()
           ^^^^^^^^^^^^^^^
  File "C:\Users\LENOVO\AppData\Local\Programs\Python\Python311\Lib\site-packages\uvicorn\server.py", line 69, in serve
    await self._serve(sockets)
  File "C:\Users\LENOVO\AppData\Local\Programs\Python\Python311\Lib\site-packages\uvicorn\server.py", line 76, in _serve
    config.load()
  File "C:\Users\LENOVO\AppData\Local\Programs\Python\Python311\Lib\site-packages\uvicorn\config.py", line 434, in load
    self.loaded_app = import_from_string(self.app)
                      ^^^^^^^^^^^^^^^^^^^^^^^^^^^^
  File "C:\Users\LENOVO\AppData\Local\Programs\Python\Python311\Lib\site-packages\uvicorn\importer.py", line 19, in import_from_string
    module = importlib.import_module(module_str)
             ^^^^^^^^^^^^^^^^^^^^^^^^^^^^^^^^^^^
  File "C:\Users\LENOVO\AppData\Local\Programs\Python\Python311\Lib\importlib\__init__.py", line 126, in import_module
    return _bootstrap._gcd_import(name[level:], package, level)
           ^^^^^^^^^^^^^^^^^^^^^^^^^^^^^^^^^^^^^^^^^^^^^^^^^^^^
  File "<frozen importlib._bootstrap>", line 1206, in _gcd_import
  File "<frozen importlib._bootstrap>", line 1178, in _find_and_load
  File "<frozen importlib._bootstrap>", line 1149, in _find_and_load_unlocked
  File "<frozen importlib._bootstrap>", line 690, in _load_unlocked
  File "<frozen importlib._bootstrap_external>", line 940, in exec_module
  File "<frozen importlib._bootstrap>", line 241, in _call_with_frames_removed
  File "c:\Users\LENOVO\Desktop\mpg_prg\auto-mpg-ai\apps\backend\app\main.py", line 5, in <module>
    from fastapi import FastAPI, Request
  File "C:\Users\LENOVO\AppData\Local\Programs\Python\Python311\Lib\site-packages\fastapi\__init__.py", line 7, in <module>
    from .applications import FastAPI as FastAPI
  File "C:\Users\LENOVO\AppData\Local\Programs\Python\Python311\Lib\site-packages\fastapi\applications.py", line 6, in <module>
    from fastapi import routing
  File "C:\Users\LENOVO\AppData\Local\Programs\Python\Python311\Lib\site-packages\fastapi\routing.py", line 35, in <module>
    from fastapi import params
  File "C:\Users\LENOVO\AppData\Local\Programs\Python\Python311\Lib\site-packages\fastapi\params.py", line 7, in <module>
    from fastapi.exceptions import FastAPIDeprecationWarning
  File "C:\Users\LENOVO\AppData\Local\Programs\Python\Python311\Lib\site-packages\fastapi\exceptions.py", line 5, in <module>
    from pydantic import BaseModel, create_model
  File "C:\Users\LENOVO\AppData\Local\Programs\Python\Python311\Lib\site-packages\pydantic\__init__.py", line 411, in __getattr__
    module = import_module(module_name, package=package)
             ^^^^^^^^^^^^^^^^^^^^^^^^^^^^^^^^^^^^^^^^^^^
  File "C:\Users\LENOVO\AppData\Local\Programs\Python\Python311\Lib\importlib\__init__.py", line 126, in import_module
    return _bootstrap._gcd_import(name[level:], package, level)
           ^^^^^^^^^^^^^^^^^^^^^^^^^^^^^^^^^^^^^^^^^^^^^^^^^^^^
  File "C:\Users\LENOVO\AppData\Local\Programs\Python\Python311\Lib\site-packages\pydantic\main.py", line 33, in <module>
    from ._internal import (
  File "C:\Users\LENOVO\AppData\Local\Programs\Python\Python311\Lib\site-packages\pydantic\_internal\_decorators.py", line 16, in <module>
    from ._core_utils import get_type_ref
  File "C:\Users\LENOVO\AppData\Local\Programs\Python\Python311\Lib\site-packages\pydantic\_internal\_core_utils.py", line 14, in <module>
    from pydantic_core import validate_core_schema as _validate_core_schema
ImportError: cannot import name 'validate_core_schema' from 'pydantic_core' (C:\Users\LENOVO\AppData\Local\Programs\Python\Python311\Lib\site-packages\pydantic_core\__init__.py)
